[02-Dec-2025 15:57:11 Europe/Berlin] PHP Fatal error:  Uncaught Error: Cannot access private property ModelStudentClassification::$conn in C:\Users\MY DUYEN\Desktop\pj\school_management\controller\cStudentClassification.php:123
Stack trace:
#0 C:\Users\MY DUYEN\Desktop\pj\school_management\controller\cStudentClassification.php(417): ControllerStudentClassification->getClassificationData(10001, 1, '2024-2025', 'overview')
#1 {main}
  thrown in C:\Users\MY DUYEN\Desktop\pj\school_management\controller\cStudentClassification.php on line 123
[02-Dec-2025 15:59:23 Europe/Berlin] PHP Fatal error:  Uncaught Error: Cannot access private property ModelStudentClassification::$conn in C:\Users\MY DUYEN\Desktop\pj\school_management\controller\cStudentClassification.php:123
Stack trace:
#0 C:\Users\MY DUYEN\Desktop\pj\school_management\controller\cStudentClassification.php(417): ControllerStudentClassification->getClassificationData(10001, 1, '2024-2025', 'overview')
#1 {main}
  thrown in C:\Users\MY DUYEN\Desktop\pj\school_management\controller\cStudentClassification.php on line 123
[02-Dec-2025 15:59:32 Europe/Berlin] PHP Fatal error:  Uncaught Error: Cannot access private property ModelStudentClassification::$conn in C:\Users\MY DUYEN\Desktop\pj\school_management\controller\cStudentClassification.php:123
Stack trace:
#0 C:\Users\MY DUYEN\Desktop\pj\school_management\controller\cStudentClassification.php(417): ControllerStudentClassification->getClassificationData(10001, 1, '2024-2025', 'overview')
#1 {main}
  thrown in C:\Users\MY DUYEN\Desktop\pj\school_management\controller\cStudentClassification.php on line 123
[02-Dec-2025 16:38:19 Europe/Berlin] PHP Fatal error:  Cannot redeclare ModelStudentClassification::getStudentTitles() in C:\Users\MY DUYEN\Desktop\pj\school_management\model\mStudentClassification.php on line 978
[02-Dec-2025 16:38:21 Europe/Berlin] PHP Fatal error:  Cannot redeclare ModelStudentClassification::getStudentTitles() in C:\Users\MY DUYEN\Desktop\pj\school_management\model\mStudentClassification.php on line 978
[02-Dec-2025 16:38:29 Europe/Berlin] PHP Fatal error:  Cannot redeclare ModelStudentClassification::getStudentTitles() in C:\Users\MY DUYEN\Desktop\pj\school_management\model\mStudentClassification.php on line 978
[02-Dec-2025 16:38:30 Europe/Berlin] PHP Fatal error:  Cannot redeclare ModelStudentClassification::getStudentTitles() in C:\Users\MY DUYEN\Desktop\pj\school_management\model\mStudentClassification.php on line 978
[04-Dec-2025 11:13:35 Europe/Berlin] Error in getClassificationData: Table 'school_management.hocsinh_danhhieu' doesn't exist
[04-Dec-2025 11:13:35 Europe/Berlin] Stack trace: #0 C:\Users\MY DUYEN\Desktop\pj\school_management\model\mStudentClassification.php(925): mysqli->prepare('SELECT \r\n      ...')
#1 C:\Users\MY DUYEN\Desktop\pj\school_management\controller\cStudentClassification.php(104): ModelStudentClassification->getStudentTitles(10001, 1, '2024-2025')
#2 C:\Users\MY DUYEN\Desktop\pj\school_management\controller\cStudentClassification.php(417): ControllerStudentClassification->getClassificationData(10001, 1, '2024-2025', 'title')
#3 {main}
[24-Dec-2025 16:17:52 Europe/Berlin] Controller: Getting title data for maLop=10001, hocKy=1, namHoc=2024-2025
[24-Dec-2025 16:17:52 Europe/Berlin] Controller: getStudentTitles returned 19 students
[24-Dec-2025 16:17:52 Europe/Berlin] Sample student: {"maHS":13008,"hoTen":"B\u00f9i Th\u1ecb H\u1ea1nh","loaiHocLuc":null,"hanhKiem":null,"tenDanhHieu":null}
[24-Dec-2025 16:19:08 Europe/Berlin] Controller: Getting title data for maLop=10001, hocKy=1, namHoc=2024-2025
[24-Dec-2025 16:19:08 Europe/Berlin] Controller: getStudentTitles returned 19 students
[24-Dec-2025 16:19:08 Europe/Berlin] Sample student: {"maHS":13008,"hoTen":"B\u00f9i Th\u1ecb H\u1ea1nh","loaiHocLuc":null,"hanhKiem":null,"tenDanhHieu":null}
[24-Dec-2025 16:28:31 Europe/Berlin] AutoClassify conduct: maLop=10001, hocKy=1, namHoc=2024-2025, maGV=6011
[24-Dec-2025 16:28:31 Europe/Berlin] AutoClassify result: {"success":19,"failed":0,"noData":0}
[24-Dec-2025 16:34:37 Europe/Berlin] AutoClassify conduct: maLop=10001, hocKy=1, namHoc=2024-2025, maGV=6011
[24-Dec-2025 16:34:37 Europe/Berlin] AutoClassify result: {"success":19,"failed":0,"noData":0}
[24-Dec-2025 16:35:17 Europe/Berlin] AutoClassify conduct: maLop=10001, hocKy=1, namHoc=2024-2025, maGV=6011
[24-Dec-2025 16:35:17 Europe/Berlin] AutoClassify result: {"success":19,"failed":0,"noData":0}
[24-Dec-2025 16:35:57 Europe/Berlin] AutoClassify conduct: maLop=10001, hocKy=1, namHoc=2024-2025, maGV=6011
[24-Dec-2025 16:35:57 Europe/Berlin] AutoClassify result: {"success":19,"failed":0,"noData":0}
[24-Dec-2025 16:37:14 Europe/Berlin] Controller: Getting title data for maLop=10001, hocKy=1, namHoc=2024-2025
[24-Dec-2025 16:37:14 Europe/Berlin] Controller: getStudentTitles returned 19 students
[24-Dec-2025 16:37:14 Europe/Berlin] Sample student: {"maHS":13008,"hoTen":"B\u00f9i Th\u1ecb H\u1ea1nh","loaiHocLuc":null,"hanhKiem":null,"tenDanhHieu":null}
[24-Dec-2025 16:37:28 Europe/Berlin] Controller: Getting title data for maLop=10001, hocKy=1, namHoc=2024-2025
[24-Dec-2025 16:37:28 Europe/Berlin] Controller: getStudentTitles returned 19 students
[24-Dec-2025 16:37:28 Europe/Berlin] Sample student: {"maHS":13008,"hoTen":"B\u00f9i Th\u1ecb H\u1ea1nh","loaiHocLuc":null,"hanhKiem":null,"tenDanhHieu":null}
[24-Dec-2025 16:38:10 Europe/Berlin] Controller: Getting title data for maLop=10001, hocKy=1, namHoc=2024-2025
[24-Dec-2025 16:38:10 Europe/Berlin] Controller: getStudentTitles returned 19 students
[24-Dec-2025 16:38:10 Europe/Berlin] Sample student: {"maHS":13008,"hoTen":"B\u00f9i Th\u1ecb H\u1ea1nh","loaiHocLuc":null,"hanhKiem":null,"tenDanhHieu":null}
[24-Dec-2025 16:39:07 Europe/Berlin] Controller: Getting title data for maLop=10001, hocKy=1, namHoc=2024-2025
[24-Dec-2025 16:39:07 Europe/Berlin] Controller: getStudentTitles returned 19 students
[24-Dec-2025 16:39:07 Europe/Berlin] Sample student: {"maHS":13008,"hoTen":"B\u00f9i Th\u1ecb H\u1ea1nh","loaiHocLuc":null,"hanhKiem":null,"tenDanhHieu":null}
[24-Dec-2025 16:39:22 Europe/Berlin] Controller: Getting title data for maLop=10001, hocKy=1, namHoc=2024-2025
[24-Dec-2025 16:39:22 Europe/Berlin] Controller: getStudentTitles returned 19 students
[24-Dec-2025 16:39:22 Europe/Berlin] Sample student: {"maHS":13008,"hoTen":"B\u00f9i Th\u1ecb H\u1ea1nh","loaiHocLuc":null,"hanhKiem":null,"tenDanhHieu":null}
[24-Dec-2025 16:46:06 Europe/Berlin] Controller: Getting title data for maLop=10001, hocKy=1, namHoc=2024-2025
[24-Dec-2025 16:46:06 Europe/Berlin] Controller: getStudentTitles returned 19 students
[24-Dec-2025 16:46:06 Europe/Berlin] Sample student: {"maHS":13008,"hoTen":"B\u00f9i Th\u1ecb H\u1ea1nh","loaiHocLuc":null,"hanhKiem":null,"tenDanhHieu":null}
